Archive member included to satisfy reference by file (symbol)

liblibs.a(lcd1602_i2c.c.obj)  CMakeFiles/estacion.dir/estacion.c.obj (lcd_init)
liblibs.a(dht.c.obj)          CMakeFiles/estacion.dir/estacion.c.obj (read_from_dht)
/usr/lib/gcc/arm-none-eabi/8.3.1/thumb/v6-m/nofp/libgcc.a(_dvmd_tls.o)
                              CMakeFiles/estacion.dir/home/juan/pico/pico-sdk/src/rp2_common/pico_divider/divider.S.obj (__aeabi_idiv0)
/usr/lib/gcc/arm-none-eabi/8.3.1/../../../arm-none-eabi/lib/thumb/v6-m/nofp/libc.a(lib_a-atexit.o)
                              /usr/lib/gcc/arm-none-eabi/8.3.1/../../../arm-none-eabi/lib/thumb/v6-m/nofp/crt0.o (atexit)
/usr/lib/gcc/arm-none-eabi/8.3.1/../../../arm-none-eabi/lib/thumb/v6-m/nofp/libc.a(lib_a-calloc.o)
                              CMakeFiles/estacion.dir/home/juan/pico/pico-sdk/src/rp2_common/pico_malloc/pico_malloc.c.obj (calloc)
/usr/lib/gcc/arm-none-eabi/8.3.1/../../../arm-none-eabi/lib/thumb/v6-m/nofp/libc.a(lib_a-callocr.o)
                              /usr/lib/gcc/arm-none-eabi/8.3.1/../../../arm-none-eabi/lib/thumb/v6-m/nofp/libc.a(lib_a-calloc.o) (_calloc_r)
/usr/lib/gcc/arm-none-eabi/8.3.1/../../../arm-none-eabi/lib/thumb/v6-m/nofp/libc.a(lib_a-fini.o)
                              /usr/lib/gcc/arm-none-eabi/8.3.1/../../../arm-none-eabi/lib/thumb/v6-m/nofp/crt0.o (__libc_fini_array)
/usr/lib/gcc/arm-none-eabi/8.3.1/../../../arm-none-eabi/lib/thumb/v6-m/nofp/libc.a(lib_a-impure.o)
                              /usr/lib/gcc/arm-none-eabi/8.3.1/../../../arm-none-eabi/lib/thumb/v6-m/nofp/libc.a(lib_a-calloc.o) (_impure_ptr)
/usr/lib/gcc/arm-none-eabi/8.3.1/../../../arm-none-eabi/lib/thumb/v6-m/nofp/libc.a(lib_a-init.o)
                              /usr/lib/gcc/arm-none-eabi/8.3.1/../../../arm-none-eabi/lib/thumb/v6-m/nofp/crt0.o (__libc_init_array)
/usr/lib/gcc/arm-none-eabi/8.3.1/../../../arm-none-eabi/lib/thumb/v6-m/nofp/libc.a(lib_a-malloc.o)
                              CMakeFiles/estacion.dir/home/juan/pico/pico-sdk/src/rp2_common/pico_malloc/pico_malloc.c.obj (malloc)
/usr/lib/gcc/arm-none-eabi/8.3.1/../../../arm-none-eabi/lib/thumb/v6-m/nofp/libc.a(lib_a-mallocr.o)
                              /usr/lib/gcc/arm-none-eabi/8.3.1/../../../arm-none-eabi/lib/thumb/v6-m/nofp/libc.a(lib_a-callocr.o) (_malloc_r)
/usr/lib/gcc/arm-none-eabi/8.3.1/../../../arm-none-eabi/lib/thumb/v6-m/nofp/libc.a(lib_a-mlock.o)
                              /usr/lib/gcc/arm-none-eabi/8.3.1/../../../arm-none-eabi/lib/thumb/v6-m/nofp/libc.a(lib_a-mallocr.o) (__malloc_lock)
/usr/lib/gcc/arm-none-eabi/8.3.1/../../../arm-none-eabi/lib/thumb/v6-m/nofp/libc.a(lib_a-realloc.o)
                              CMakeFiles/estacion.dir/home/juan/pico/pico-sdk/src/rp2_common/pico_malloc/pico_malloc.c.obj (realloc)
/usr/lib/gcc/arm-none-eabi/8.3.1/../../../arm-none-eabi/lib/thumb/v6-m/nofp/libc.a(lib_a-reallocr.o)
                              /usr/lib/gcc/arm-none-eabi/8.3.1/../../../arm-none-eabi/lib/thumb/v6-m/nofp/libc.a(lib_a-realloc.o) (_realloc_r)
/usr/lib/gcc/arm-none-eabi/8.3.1/../../../arm-none-eabi/lib/thumb/v6-m/nofp/libc.a(lib_a-sbrkr.o)
                              /usr/lib/gcc/arm-none-eabi/8.3.1/../../../arm-none-eabi/lib/thumb/v6-m/nofp/libc.a(lib_a-mallocr.o) (_sbrk_r)
/usr/lib/gcc/arm-none-eabi/8.3.1/../../../arm-none-eabi/lib/thumb/v6-m/nofp/libc.a(lib_a-strlen-stub.o)
                              CMakeFiles/estacion.dir/home/juan/pico/pico-sdk/src/rp2_common/pico_stdio/stdio.c.obj (strlen)
/usr/lib/gcc/arm-none-eabi/8.3.1/../../../arm-none-eabi/lib/thumb/v6-m/nofp/libc.a(lib_a-__atexit.o)
                              /usr/lib/gcc/arm-none-eabi/8.3.1/../../../arm-none-eabi/lib/thumb/v6-m/nofp/libc.a(lib_a-atexit.o) (__register_exitproc)
/usr/lib/gcc/arm-none-eabi/8.3.1/../../../arm-none-eabi/lib/thumb/v6-m/nofp/libc.a(lib_a-freer.o)
                              /usr/lib/gcc/arm-none-eabi/8.3.1/../../../arm-none-eabi/lib/thumb/v6-m/nofp/libc.a(lib_a-malloc.o) (_free_r)
/usr/lib/gcc/arm-none-eabi/8.3.1/../../../arm-none-eabi/lib/thumb/v6-m/nofp/libc.a(lib_a-memmove.o)
                              /usr/lib/gcc/arm-none-eabi/8.3.1/../../../arm-none-eabi/lib/thumb/v6-m/nofp/libc.a(lib_a-reallocr.o) (memmove)
/usr/lib/gcc/arm-none-eabi/8.3.1/../../../arm-none-eabi/lib/thumb/v6-m/nofp/libc.a(lib_a-reent.o)
                              /usr/lib/gcc/arm-none-eabi/8.3.1/../../../arm-none-eabi/lib/thumb/v6-m/nofp/libc.a(lib_a-sbrkr.o) (errno)

Allocating common symbols
Common symbol       size              file

sf_table            0x100             CMakeFiles/estacion.dir/home/juan/pico/pico-sdk/src/rp2_common/pico_float/float_init_rom.c.obj
errno               0x4               /usr/lib/gcc/arm-none-eabi/8.3.1/../../../arm-none-eabi/lib/thumb/v6-m/nofp/libc.a(lib_a-reent.o)
sd_table            0x100             CMakeFiles/estacion.dir/home/juan/pico/pico-sdk/src/rp2_common/pico_double/double_init_rom.c.obj
uart_char_to_line_feed
[...]
Memory Configuration

Name             Origin             Length             Attributes
FLASH            0x10000000         0x00200000         xr
RAM              0x20000000         0x00040000         xrw
SCRATCH_X        0x20040000         0x00001000         xrw
SCRATCH_Y        0x20041000         0x00001000         xrw
*default*        0x00000000         0xffffffff

Linker script and memory map

LOAD /usr/lib/gcc/arm-none-eabi/8.3.1/thumb/v6-m/nofp/crti.o
LOAD /usr/lib/gcc/arm-none-eabi/8.3.1/thumb/v6-m/nofp/crtbegin.o
LOAD /usr/lib/gcc/arm-none-eabi/8.3.1/../../../arm-none-eabi/lib/thumb/v6-m/nofp/crt0.o

.flash_begin    0x10000000        0x0
                0x10000000                __flash_binary_start = .

.boot2          0x10000000      0x100
                0x10000000                __boot2_start__ = .
 *(.boot2)
 .boot2         0x10000000      0x100 /tmp/ccTs74GG.o
                0x10000100                __boot2_end__ = .
                0x00000001                ASSERT (((__boot2_end__ - __boot2_start__) == 0x100), ERROR: Pico second stage bootloader must be 256 bytes in size)

.text           0x10000100     0x5480
                0x10000100                __logical_binary_start = .
 *(.vectors)
 .vectors       0x10000100       0xd4 CMakeFiles/estacion.dir/home/juan/pico/pico-sdk/src/rp2_common/pico_standard_link/crt0.S.obj
                0x10000100                __vectors
                0x10000100                __VECTOR_TABLE
                0x100001c0                isr_invalid
                0x100001c0                __default_isrs_start
                0x100001c2                isr_nmi
                0x100001c4                isr_hardfault
                0x100001c6                isr_svcall
                0x100001c8                isr_pendsv
                0x100001ca                isr_systick
                0x100001cc                isr_irq30
                0x100001cc                __unhandled_user_irq
                0x100001cc                isr_irq13
                0x100001cc                isr_irq27
                0x100001cc                isr_irq31
                0x100001cc                isr_irq5
                0x100001cc                isr_irq11
                0x100001cc                isr_irq23
                0x100001cc                isr_irq18
                0x100001cc                isr_irq28
                0x100001cc                isr_irq19
                0x100001cc                isr_irq0
                0x100001cc                isr_irq6
                0x100001cc                isr_irq22
                0x100001cc                isr_irq17
                0x100001cc                isr_irq14
                0x100001cc                isr_irq2
                0x100001cc                isr_irq10
                0x100001cc                isr_irq8
                0x100001cc                isr_irq24
                0x100001cc                isr_irq1
                0x100001cc                isr_irq7
                0x100001cc                isr_irq21
                0x100001cc                isr_irq20
                0x100001cc                isr_irq15
                0x100001cc                isr_irq25
                0x100001cc                isr_irq4
                0x100001cc                isr_irq16
                0x100001cc                isr_irq29
                0x100001cc                isr_irq26
                0x100001cc                __default_isrs_end
                0x100001cc                isr_irq3
                0x100001cc                isr_irq12
                0x100001cc                isr_irq9
                0x100001d2                unhandled_user_irq_num_in_r0
 *(.binary_info_header)
 .binary_info_header
                0x100001d4       0x14 CMakeFiles/estacion.dir/home/juan/pico/pico-sdk/src/rp2_common/pico_standard_link/crt0.S.obj
                0x100001e8                __binary_info_header_end = .
 *(.reset)
 .reset         0x100001e8       0xa0 CMakeFiles/estacion.dir/home/juan/pico/pico-sdk/src/rp2_common/pico_standard_link/crt0.S.obj
                0x100001e8                _entry_point
 .reset         0x10000288       0x30 CMakeFiles/estacion.dir/home/juan/pico/pico-sdk/src/rp2_common/pico_standard_link/binary_info.c.obj
 *(.init)
 .init          0x100002b8        0x4 /usr/lib/gcc/arm-none-eabi/8.3.1/thumb/v6-m/nofp/crti.o
                0x100002b8                _init
 *(EXCLUDE_FILE(*libm.a: *libc.a:*lib_a-mem*.o *libgcc.a:) .text*)
 .text          0x100002bc       0x98 /usr/lib/gcc/arm-none-eabi/8.3.1/thumb/v6-m/nofp/crtbegin.o
 .text.startup.main
                0x10000354      0x124 CMakeFiles/estacion.dir/estacion.c.obj
                0x10000354                main
 .text.gpio_set_function
                0x10000478       0x30 CMakeFiles/estacion.dir/home/juan/pico/pico-sdk/src/rp2_common/hardware_gpio/gpio.c.obj
                0x10000478                gpio_set_function
 .text.gpio_set_pulls
                0x100004a8       0x30 CMakeFiles/estacion.dir/home/juan/pico/pico-sdk/src/rp2_common/hardware_gpio/gpio.c.obj
                0x100004a8                gpio_set_pulls
 .text.gpio_set_input_enabled
                0x100004d8       0x28 CMakeFiles/estacion.dir/home/juan/pico/pico-sdk/src/rp2_common/hardware_gpio/gpio.c.obj
                0x100004d8                gpio_set_input_enabled
 .text.gpio_init
                0x10000500       0x3c CMakeFiles/estacion.dir/home/juan/pico/pico-sdk/src/rp2_common/hardware_gpio/gpio.c.obj
                0x10000500                gpio_init
 .text.running_on_fpga
                0x1000053c       0x10 CMakeFiles/estacion.dir/home/juan/pico/pico-sdk/src/rp2_common/pico_platform/platform.c.obj
                0x1000053c                running_on_fpga
 .text.hw_claim_or_assert
                0x1000054c       0x44 CMakeFiles/estacion.dir/home/juan/pico/pico-sdk/src/rp2_common/hardware_claim/claim.c.obj
                0x1000054c                hw_claim_or_assert
 .text.spin_locks_reset
                0x10000590       0x1c CMakeFiles/estacion.dir/home/juan/pico/pico-sdk/src/rp2_common/hardware_sync/sync.c.obj
                0x10000590                spin_locks_reset
 .text.next_striped_spin_lock_num
                0x100005ac       0x18 CMakeFiles/estacion.dir/home/juan/pico/pico-sdk/src/rp2_common/hardware_sync/sync.c.obj
                0x100005ac                next_striped_spin_lock_num
 .text.irq_set_enabled
                0x100005c4       0x24 CMakeFiles/estacion.dir/home/juan/pico/pico-sdk/src/rp2_common/hardware_irq/irq.c.obj
                0x100005c4                irq_set_enabled
 .text.irq_get_vtable_handler
                0x100005e8       0x10 CMakeFiles/estacion.dir/home/juan/pico/pico-sdk/src/rp2_common/hardware_irq/irq.c.obj
                0x100005e8                irq_get_vtable_handler
 .text.irq_set_exclusive_handler
                0x100005f8       0x54 CMakeFiles/estacion.dir/home/juan/pico/pico-sdk/src/rp2_common/hardware_irq/irq.c.obj
                0x100005f8                irq_set_exclusive_handler
 .text.irq_remove_handler
                0x1000064c      0x1b0 CMakeFiles/estacion.dir/home/juan/pico/pico-sdk/src/rp2_common/hardware_irq/irq.c.obj
                0x1000064c                irq_remove_handler
 .text.irq_add_tail_to_free_list
                0x100007fc       0xb4 CMakeFiles/estacion.dir/home/juan/pico/pico-sdk/src/rp2_common/hardware_irq/irq.c.obj
                0x100007fc                irq_add_tail_to_free_list
 .text.irq_init_priorities
                0x100008b0       0x24 CMakeFiles/estacion.dir/home/juan/pico/pico-sdk/src/rp2_common/hardware_irq/irq.c.obj
                0x100008b0                irq_init_priorities
 .text.lock_init
                0x100008d4       0x10 CMakeFiles/estacion.dir/home/juan/pico/pico-sdk/src/common/pico_sync/lock_core.c.obj
                0x100008d4                lock_init
 .text.mutex_init
                0x100008e4       0x1c CMakeFiles/estacion.dir/home/juan/pico/pico-sdk/src/common/pico_sync/mutex.c.obj
                0x100008e4                mutex_init
 .text.recursive_mutex_init
                0x10000900       0x1c CMakeFiles/estacion.dir/home/juan/pico/pico-sdk/src/common/pico_sync/mutex.c.obj
                0x10000900                recursive_mutex_init
 .text.ph_merge_nodes
                0x1000091c       0x5c CMakeFiles/estacion.dir/home/juan/pico/pico-sdk/src/common/pico_time/time.c.obj
 .text.timer_pool_entry_comparator
                0x10000978       0x34 CMakeFiles/estacion.dir/home/juan/pico/pico-sdk/src/common/pico_time/time.c.obj
                0x10000978                timer_pool_entry_comparator
 .text.sleep_until_callback
                0x100009ac       0x30 CMakeFiles/estacion.dir/home/juan/pico/pico-sdk/src/common/pico_time/time.c.obj
 .text.add_alarm_under_lock
                0x100009dc       0xbc CMakeFiles/estacion.dir/home/juan/pico/pico-sdk/src/common/pico_time/time.c.obj
 .text.alarm_pool_alarm_callback
                0x10000a98      0x1bc CMakeFiles/estacion.dir/home/juan/pico/pico-sdk/src/common/pico_time/time.c.obj
 .text.alarm_pool_init_default
                0x10000c54       0x6c CMakeFiles/estacion.dir/home/juan/pico/pico-sdk/src/common/pico_time/time.c.obj
                0x10000c54                alarm_pool_init_default
 .text.alarm_pool_add_alarm_at
                0x10000cc0      0x140 CMakeFiles/estacion.dir/home/juan/pico/pico-sdk/src/common/pico_time/time.c.obj
                0x10000cc0                alarm_pool_add_alarm_at
 .text.alarm_pool_cancel_alarm
                0x10000e00       0x70 CMakeFiles/estacion.dir/home/juan/pico/pico-sdk/src/common/pico_time/time.c.obj
                0x10000e00                alarm_pool_cancel_alarm
 .text.sleep_until
                0x10000e70       0xc4 CMakeFiles/estacion.dir/home/juan/pico/pico-sdk/src/common/pico_time/time.c.obj
                0x10000e70                sleep_until
 .text.sleep_us
                0x10000f34       0xd4 CMakeFiles/estacion.dir/home/juan/pico/pico-sdk/src/common/pico_time/time.c.obj
                0x10000f34                sleep_us
 .text.sleep_ms
                0x10001008       0x34 CMakeFiles/estacion.dir/home/juan/pico/pico-sdk/src/common/pico_time/time.c.obj
                0x10001008                sleep_ms
 .text.best_effort_wfe_or_timeout
                0x1000103c       0x60 CMakeFiles/estacion.dir/home/juan/pico/pico-sdk/src/common/pico_time/time.c.obj
                0x1000103c                best_effort_wfe_or_timeout
 .text.hardware_alarm_irq_handler
                0x1000109c       0xb4 CMakeFiles/estacion.dir/home/juan/pico/pico-sdk/src/rp2_common/hardware_timer/timer.c.obj
 .text.hardware_alarm_claim
                0x10001150       0x18 CMakeFiles/estacion.dir/home/juan/pico/pico-sdk/src/rp2_common/hardware_timer/timer.c.obj
                0x10001150                hardware_alarm_claim
 .text.time_us_64
                0x10001168       0x18 CMakeFiles/estacion.dir/home/juan/pico/pico-sdk/src/rp2_common/hardware_timer/timer.c.obj
                0x10001168                time_us_64
 .text.busy_wait_until
                0x10001180       0x20 CMakeFiles/estacion.dir/home/juan/pico/pico-sdk/src/rp2_common/hardware_timer/timer.c.obj
                0x10001180                busy_wait_until
 .text.hardware_alarm_set_callback
                0x100011a0       0x8c CMakeFiles/estacion.dir/home/juan/pico/pico-sdk/src/rp2_common/hardware_timer/timer.c.obj
                0x100011a0                hardware_alarm_set_callback
 .text.hardware_alarm_set_target
                0x1000122c       0xe8 CMakeFiles/estacion.dir/home/juan/pico/pico-sdk/src/rp2_common/hardware_timer/timer.c.obj
                0x1000122c                hardware_alarm_set_target
 .text.hardware_alarm_cancel
                0x10001314       0x40 CMakeFiles/estacion.dir/home/juan/pico/pico-sdk/src/rp2_common/hardware_timer/timer.c.obj
                0x10001314                hardware_alarm_cancel
 .text.ph_merge_nodes
                0x10001354       0x5c CMakeFiles/estacion.dir/home/juan/pico/pico-sdk/src/common/pico_util/pheap.c.obj
 .text.ph_post_alloc_init
                0x100013b0      0x1b8 CMakeFiles/estacion.dir/home/juan/pico/pico-sdk/src/common/pico_util/pheap.c.obj
                0x100013b0                ph_post_alloc_init
 .text.ph_merge_two_pass
                0x10001568       0x4c CMakeFiles/estacion.dir/home/juan/pico/pico-sdk/src/common/pico_util/pheap.c.obj
                0x10001568                ph_merge_two_pass
 .text.ph_remove_any_head
                0x100015b4      0x1c0 CMakeFiles/estacion.dir/home/juan/pico/pico-sdk/src/common/pico_util/pheap.c.obj
 .text.ph_remove_head
                0x10001774      0x1c4 CMakeFiles/estacion.dir/home/juan/pico/pico-sdk/src/common/pico_util/pheap.c.obj
                0x10001774                ph_remove_head
 .text.ph_remove_and_free_node
                0x10001938       0x7c CMakeFiles/estacion.dir/home/juan/pico/pico-sdk/src/common/pico_util/pheap.c.obj
                0x10001938                ph_remove_and_free_node
 .text.uart_init
                0x100019b4       0xe4 CMakeFiles/estacion.dir/home/juan/pico/pico-sdk/src/rp2_common/hardware_uart/uart.c.obj
                0x100019b4                uart_init
 .text.clocks_init
                0x10001a98      0x2c0 CMakeFiles/estacion.dir/home/juan/pico/pico-sdk/src/rp2_common/hardware_clocks/clocks.c.obj
                0x10001a98                clocks_init
 .text.clock_get_hz
                0x10001d58        0xc CMakeFiles/estacion.dir/home/juan/pico/pico-sdk/src/rp2_common/hardware_clocks/clocks.c.obj
                0x10001d58                clock_get_hz
 .text.pll_init
                0x10001d64       0xa8 CMakeFiles/estacion.dir/home/juan/pico/pico-sdk/src/rp2_common/hardware_pll/pll.c.obj
                0x10001d64                pll_init
 .text.watchdog_start_tick
                0x10001e0c       0x10 CMakeFiles/estacion.dir/home/juan/pico/pico-sdk/src/rp2_common/hardware_watchdog/watchdog.c.obj
                0x10001e0c                watchdog_start_tick
 .text.xosc_init
                0x10001e1c       0x28 CMakeFiles/estacion.dir/home/juan/pico/pico-sdk/src/rp2_common/hardware_xosc/xosc.c.obj
                0x10001e1c                xosc_init
 .text.runtime_init
                0x10001e44       0xf4 CMakeFiles/estacion.dir/home/juan/pico/pico-sdk/src/rp2_common/pico_runtime/runtime.c.obj
                0x10001e44                runtime_init
 .text._exit    0x10001f38        0x4 CMakeFiles/estacion.dir/home/juan/pico/pico-sdk/src/rp2_common/pico_runtime/runtime.c.obj
                0x10001f38                _exit
 .text.exit     0x10001f3c        0x8 CMakeFiles/estacion.dir/home/juan/pico/pico-sdk/src/rp2_common/pico_runtime/runtime.c.obj
                0x10001f3c                exit
 .text.panic    0x10001f44       0x30 CMakeFiles/estacion.dir/home/juan/pico/pico-sdk/src/rp2_common/pico_runtime/runtime.c.obj
                0x10001f44                panic
 .text.hard_assertion_failure
                0x10001f74        0xc CMakeFiles/estacion.dir/home/juan/pico/pico-sdk/src/rp2_common/pico_runtime/runtime.c.obj
                0x10001f74                hard_assertion_failure
 .text._out_buffer
                0x10001f80        0x8 CMakeFiles/estacion.dir/home/juan/pico/pico-sdk/src/rp2_common/pico_printf/printf.c.obj
 .text._out_null
                0x10001f88        0x4 CMakeFiles/estacion.dir/home/juan/pico/pico-sdk/src/rp2_common/pico_printf/printf.c.obj
 .text._out_rev
                0x10001f8c       0x9c CMakeFiles/estacion.dir/home/juan/pico/pico-sdk/src/rp2_common/pico_printf/printf.c.obj
 .text._ntoa_format
                0x10002028      0x1c8 CMakeFiles/estacion.dir/home/juan/pico/pico-sdk/src/rp2_common/pico_printf/printf.c.obj
 .text._out_char
                0x100021f0       0x10 CMakeFiles/estacion.dir/home/juan/pico/pico-sdk/src/rp2_common/pico_printf/printf.c.obj
 .text._etoa    0x10002200      0x45c CMakeFiles/estacion.dir/home/juan/pico/pico-sdk/src/rp2_common/pico_printf/printf.c.obj
 .text._ftoa    0x1000265c      0x4c0 CMakeFiles/estacion.dir/home/juan/pico/pico-sdk/src/rp2_common/pico_printf/printf.c.obj
 .text._vsnprintf
                0x10002b1c      0xad0 CMakeFiles/estacion.dir/home/juan/pico/pico-sdk/src/rp2_common/pico_printf/printf.c.obj
 .text.__wrap_sprintf
                0x100035ec       0x28 CMakeFiles/estacion.dir/home/juan/pico/pico-sdk/src/rp2_common/pico_printf/printf.c.obj
                0x100035ec                __wrap_sprintf
 .text.weak_raw_vprintf
                0x10003614       0x30 CMakeFiles/estacion.dir/home/juan/pico/pico-sdk/src/rp2_common/pico_printf/printf.c.obj
                0x10003614                weak_raw_vprintf
 .text          0x10003644       0x10 CMakeFiles/estacion.dir/home/juan/pico/pico-sdk/src/rp2_common/pico_bit_ops/bit_ops_aeabi.S.obj
 .text.rom_func_lookup
                0x10003654       0x10 CMakeFiles/estacion.dir/home/juan/pico/pico-sdk/src/rp2_common/pico_bootrom/bootrom.c.obj
                0x10003654                rom_func_lookup
 .text.rom_data_lookup
                0x10003664       0x10 CMakeFiles/estacion.dir/home/juan/pico/pico-sdk/src/rp2_common/pico_bootrom/bootrom.c.obj
                0x10003664                rom_data_lookup
 .text.rom_funcs_lookup
                0x10003674       0x3c CMakeFiles/estacion.dir/home/juan/pico/pico-sdk/src/rp2_common/pico_bootrom/bootrom.c.obj
                0x10003674                rom_funcs_lookup
 .text.__wrap___aeabi_idiv
                0x100036b0       0x50 CMakeFiles/estacion.dir/home/juan/pico/pico-sdk/src/rp2_common/pico_divider/divider.S.obj
                0x100036b0                __wrap___aeabi_idivmod
                0x100036b0                divmod_s32s32
                0x100036b0                div_s32s32
                0x100036b0                __wrap___aeabi_idiv
                0x100036b8                divmod_s32s32_unsafe
                0x100036e4                divmod_s32s32_savestate
 .text.__wrap___aeabi_uidiv
                0x10003700       0x4c CMakeFiles/estacion.dir/home/juan/pico/pico-sdk/src/rp2_common/pico_divider/divider.S.obj
                0x10003700                __wrap___aeabi_uidiv
                0x10003700                __wrap___aeabi_uidivmod
                0x10003700                div_u32u32
                0x10003700                divmod_u32u32
                0x10003708                divmod_u32u32_unsafe
                0x10003730                divmod_u32u32_savestate
 .text.__wrap___aeabi_ldiv
                0x1000374c      0x424 CMakeFiles/estacion.dir/home/juan/pico/pico-sdk/src/rp2_common/pico_divider/divider.S.obj
                0x1000374c                div_s64s64
                0x1000374c                divmod_s64s64
                0x1000374c                __wrap___aeabi_ldivmod
                0x1000377c                div_u64u64
                0x1000377c                divmod_u64u64
                0x1000377c                __wrap___aeabi_uldivmod
                0x1000378c                divmod_u64u64_savestate
                0x100037ac                divmod_s64s64_unsafe
                0x10003834                divmod_u64u64_unsafe
 .text.__wrap___aeabi_darithmetic
                0x10003b70       0x80 CMakeFiles/estacion.dir/home/juan/pico/pico-sdk/src/rp2_common/pico_double/double_aeabi.S.obj
                0x10003b70                __wrap___aeabi_drsub
                0x10003b76                __wrap___aeabi_dsub
                0x10003b88                __wrap___aeabi_dadd
                0x10003b9a                __wrap___aeabi_ddiv
                0x10003bd6                __wrap___aeabi_dmul
 .text.__wrap___aeabi_cdcmple
                0x10003bf0       0x6c CMakeFiles/estacion.dir/home/juan/pico/pico-sdk/src/rp2_common/pico_double/double_aeabi.S.obj
                0x10003bf0                __wrap___aeabi_cdrcmple
                0x10003c00                __wrap___aeabi_cdcmple
                0x10003c00                __wrap___aeabi_cdcmpeq
 .text.__wrap___aeabi_dcmplt
                0x10003c5c        0xc CMakeFiles/estacion.dir/home/juan/pico/pico-sdk/src/rp2_common/pico_double/double_aeabi.S.obj
                0x10003c5c                __wrap___aeabi_dcmplt
 .text.__wrap___aeabi_dcmpge
                0x10003c68       0x10 CMakeFiles/estacion.dir/home/juan/pico/pico-sdk/src/rp2_common/pico_double/double_aeabi.S.obj
                0x10003c68                __wrap___aeabi_dcmpge
 .text.__wrap___aeabi_dcmpgt
                0x10003c78        0xa CMakeFiles/estacion.dir/home/juan/pico/pico-sdk/src/rp2_common/pico_double/double_aeabi.S.obj
                0x10003c78                __wrap___aeabi_dcmpgt
 .text.__wrap___aeabi_dcmpun
                0x10003c82       0x1c CMakeFiles/estacion.dir/home/juan/pico/pico-sdk/src/rp2_common/pico_double/double_aeabi.S.obj
                0x10003c82                __wrap___aeabi_dcmpun
 *fill*         0x10003c9e        0x2 
 .text.__wrap___aeabi_i2d
                0x10003ca0       0x38 CMakeFiles/estacion.dir/home/juan/pico/pico-sdk/src/rp2_common/pico_double/double_aeabi.S.obj
                0x10003ca0                __wrap___aeabi_ui2d
                0x10003ca8                __wrap___aeabi_i2d
 .text.__wrap___aeabi_d2iz
                0x10003cd8       0x48 CMakeFiles/estacion.dir/home/juan/pico/pico-sdk/src/rp2_common/pico_double/double_aeabi.S.obj
                0x10003cd8                __wrap___aeabi_d2iz
                0x10003cd8                double2int_z
 .text.__wrap___aeabi_d2uiz
                0x10003d20       0x18 CMakeFiles/estacion.dir/home/juan/pico/pico-sdk/src/rp2_common/pico_double/double_aeabi.S.obj
                0x10003d20                double2uint
                0x10003d20                __wrap___aeabi_d2uiz
 .text.__aeabi_double_init
                0x10003d38       0xbc CMakeFiles/estacion.dir/home/juan/pico/pico-sdk/src/rp2_common/pico_double/double_init_rom.c.obj
                0x10003d38                __aeabi_double_init
 .text.double_table_shim_on_use_helper
                0x10003df4       0x2c CMakeFiles/estacion.dir/home/juan/pico/pico-sdk/src/rp2_common/pico_double/double_v1_rom_shim.S.obj
                0x10003df4                double_table_shim_on_use_helper
 .text.__wrap___aeabi_dsub
                0x10003e20       0x10 CMakeFiles/estacion.dir/home/juan/pico/pico-sdk/src/rp2_common/pico_double/double_v1_rom_shim.S.obj
                0x10003e20                drsub_shim
                0x10003e26                dsub_shim
 .text.dadd_shim
                0x10003e30      0x15c CMakeFiles/estacion.dir/home/juan/pico/pico-sdk/src/rp2_common/pico_double/double_v1_rom_shim.S.obj
                0x10003e30                dadd_shim
 .text.dmul_shim
                0x10003f8c      0x15c CMakeFiles/estacion.dir/home/juan/pico/pico-sdk/src/rp2_common/pico_double/double_v1_rom_shim.S.obj
                0x10003f8c                dmul_shim
 .text.ddiv_shim
                0x100040e8      0x1b0 CMakeFiles/estacion.dir/home/juan/pico/pico-sdk/src/rp2_common/pico_double/double_v1_rom_shim.S.obj
                0x100040e8                ddiv_shim
 .text.double2uint_shim
                0x10004298        0xe CMakeFiles/estacion.dir/home/juan/pico/pico-sdk/src/rp2_common/pico_double/double_v1_rom_shim.S.obj
                0x10004298                double2uint_shim
                0x1000429a                double2ufix_shim
 *fill*         0x100042a6        0x2 
 .text.double2uint64_shim
                0x100042a8       0x70 CMakeFiles/estacion.dir/home/juan/pico/pico-sdk/src/rp2_common/pico_double/double_v1_rom_shim.S.obj
                0x100042a8                double2uint64_shim
                0x100042aa                double2ufix64_shim
                0x100042ca                d2fix_a
 .text.dunpacks
                0x10004318       0x3c CMakeFiles/estacion.dir/home/juan/pico/pico-sdk/src/rp2_common/pico_double/double_v1_rom_shim.S.obj
                0x10004318                dunpacks
 .text.__aeabi_lmul
                0x10004354       0x32 CMakeFiles/estacion.dir/home/juan/pico/pico-sdk/src/rp2_common/pico_int64_ops/pico_int64_ops_aeabi.S.obj
                0x10004354                __wrap___aeabi_lmul
 *fill*         0x10004386        0x2 
 .text.__wrap___aeabi_farithmetic
                0x10004388       0x48 CMakeFiles/estacion.dir/home/juan/pico/pico-sdk/src/rp2_common/pico_float/float_aeabi.S.obj
                0x10004388                __wrap___aeabi_frsub
                0x1000438e                __wrap___aeabi_fsub
                0x10004394                __wrap___aeabi_fadd
                0x1000439a                __wrap___aeabi_fdiv
                0x100043c2                __wrap___aeabi_fmul
 .text.__wrap___aeabi_cfcmple
                0x100043d0       0x50 CMakeFiles/estacion.dir/home/juan/pico/pico-sdk/src/rp2_common/pico_float/float_aeabi.S.obj
                0x100043d0                __wrap___aeabi_cfrcmple
                0x100043dc                __wrap___aeabi_cfcmpeq
                0x100043dc                __wrap___aeabi_cfcmple
 .text.__wrap___aeabi_fcmpgt
                0x10004420        0xa CMakeFiles/estacion.dir/home/juan/pico/pico-sdk/src/rp2_common/pico_float/float_aeabi.S.obj
                0x10004420                __wrap___aeabi_fcmpgt
 *fill*         0x1000442a        0x2 
 .text.__wrap___aeabi_i2f
                0x1000442c       0x44 CMakeFiles/estacion.dir/home/juan/pico/pico-sdk/src/rp2_common/pico_float/float_aeabi.S.obj
                0x1000442c                __wrap___aeabi_i2f
 .text.__wrap___aeabi_f2d
                0x10004470       0x14 CMakeFiles/estacion.dir/home/juan/pico/pico-sdk/src/rp2_common/pico_float/float_aeabi.S.obj
                0x10004470                __wrap___aeabi_f2d
 .text.__aeabi_float_init
                0x10004484       0x68 CMakeFiles/estacion.dir/home/juan/pico/pico-sdk/src/rp2_common/pico_float/float_init_rom.c.obj
                0x10004484                __aeabi_float_init
 .text.float_table_shim_on_use_helper
                0x100044ec       0x2c CMakeFiles/estacion.dir/home/juan/pico/pico-sdk/src/rp2_common/pico_float/float_v1_rom_shim.S.obj
                0x100044ec                float_table_shim_on_use_helper
 .text.float2double_shim
                0x10004518       0x30 CMakeFiles/estacion.dir/home/juan/pico/pico-sdk/src/rp2_common/pico_float/float_v1_rom_shim.S.obj
                0x10004518                float2double_shim
 .text          0x10004548       0x10 CMakeFiles/estacion.dir/home/juan/pico/pico-sdk/src/rp2_common/pico_mem_ops/mem_ops_aeabi.S.obj
                0x10004548                __aeabi_mem_init
 .text.memset   0x10004558        0xc CMakeFiles/estacion.dir/home/juan/pico/pico-sdk/src/rp2_common/pico_mem_ops/mem_ops_aeabi.S.obj
                0x10004558                __wrap_memset
 .text.memcpy   0x10004564        0xc CMakeFiles/estacion.dir/home/juan/pico/pico-sdk/src/rp2_common/pico_mem_ops/mem_ops_aeabi.S.obj
                0x10004564                __wrap___aeabi_memcpy
                0x10004564                __wrap_memcpy
 .text.stdio_out_chars_no_crlf
                0x10004570       0x10 CMakeFiles/estacion.dir/home/juan/pico/pico-sdk/src/rp2_common/pico_stdio/stdio.c.obj
 .text.stdio_out_chars_crlf
                0x10004580       0xac CMakeFiles/estacion.dir/home/juan/pico/pico-sdk/src/rp2_common/pico_stdio/stdio.c.obj
 .text.stdio_put_string
                0x1000462c      0x104 CMakeFiles/estacion.dir/home/juan/pico/pico-sdk/src/rp2_common/pico_stdio/stdio.c.obj
 .text.__wrap_putchar
                0x10004730       0x98 CMakeFiles/estacion.dir/home/juan/pico/pico-sdk/src/rp2_common/pico_stdio/stdio.c.obj
                0x10004730                __wrap_putchar
 .text.__wrap_puts
                0x100047c8       0x3c CMakeFiles/estacion.dir/home/juan/pico/pico-sdk/src/rp2_common/pico_stdio/stdio.c.obj
                0x100047c8                __wrap_puts
 .text.stdio_set_driver_enabled
                0x10004804       0x30 CMakeFiles/estacion.dir/home/juan/pico/pico-sdk/src/rp2_common/pico_stdio/stdio.c.obj
                0x10004804                stdio_set_driver_enabled
 .text.stdio_init_all
                0x10004834        0xc CMakeFiles/estacion.dir/home/juan/pico/pico-sdk/src/rp2_common/pico_stdio/stdio.c.obj
                0x10004834                stdio_init_all
 .text.stdio_uart_out_chars
                0x10004840       0x4c CMakeFiles/estacion.dir/home/juan/pico/pico-sdk/src/rp2_common/pico_stdio_uart/stdio_uart.c.obj
 .text.stdio_uart_in_chars
                0x1000488c       0x7c CMakeFiles/estacion.dir/home/juan/pico/pico-sdk/src/rp2_common/pico_stdio_uart/stdio_uart.c.obj
                0x1000488c                stdio_uart_in_chars
 .text.on_uart_rx
                0x10004908       0x28 CMakeFiles/estacion.dir/home/juan/pico/pico-sdk/src/rp2_common/pico_stdio_uart/stdio_uart.c.obj
 .text.stdio_uart_set_chars_available_callback
                0x10004930       0x84 CMakeFiles/estacion.dir/home/juan/pico/pico-sdk/src/rp2_common/pico_stdio_uart/stdio_uart.c.obj
 .text.stdio_uart_init
                0x100049b4       0x48 CMakeFiles/estacion.dir/home/juan/pico/pico-sdk/src/rp2_common/pico_stdio_uart/stdio_uart.c.obj
                0x100049b4                stdio_uart_init
 .text.i2c_init
                0x100049fc      0x108 CMakeFiles/estacion.dir/home/juan/pico/pico-sdk/src/rp2_common/hardware_i2c/i2c.c.obj
                0x100049fc                i2c_init
 .text.i2c_write_blocking
                0x10004b04       0xd4 CMakeFiles/estacion.dir/home/juan/pico/pico-sdk/src/rp2_common/hardware_i2c/i2c.c.obj
                0x10004b04                i2c_write_blocking
 .text.adc_init
                0x10004bd8       0x38 CMakeFiles/estacion.dir/home/juan/pico/pico-sdk/src/rp2_common/hardware_adc/adc.c.obj
                0x10004bd8                adc_init
 .text.lcd_send_byte
                0x10004c10      0x130 liblibs.a(lcd1602_i2c.c.obj)
                0x10004c10                lcd_send_byte
 .text.lcd_init
                0x10004d40      0x434 liblibs.a(lcd1602_i2c.c.obj)
                0x10004d40                lcd_init
 .text.lcd_clear
                0x10005174       0xc4 liblibs.a(lcd1602_i2c.c.obj)
                0x10005174                lcd_clear
 .text.lcd_string
                0x10005238      0x118 liblibs.a(lcd1602_i2c.c.obj)
                0x10005238                lcd_string
 .text.lcd_set_cursor_pos
                0x10005350       0x2c liblibs.a(lcd1602_i2c.c.obj)
                0x10005350                lcd_set_cursor_pos
 .text.read_from_dht
                0x1000537c      0x158 liblibs.a(dht.c.obj)
                0x1000537c                read_from_dht
 .text          0x100054d4       0x68 /usr/lib/gcc/arm-none-eabi/8.3.1/../../../arm-none-eabi/lib/thumb/v6-m/nofp/libc.a(lib_a-strlen-stub.o)
                0x100054d4                strlen
 *(.fini)
 .fini          0x1000553c        0x4 /usr/lib/gcc/arm-none-eabi/8.3.1/thumb/v6-m/nofp/crti.o
                0x1000553c                _fini
 .fini.__stub   0x10005540       0x40 linker stubs
 *crtbegin.o(.ctors)
 *crtbegin?.o(.ctors)
 *(EXCLUDE_FILE(*crtend.o *crtend?.o) .ctors)
 *(SORT_BY_NAME(.ctors.*))
 *(.ctors)
 *crtbegin.o(.dtors)
 *crtbegin?.o(.dtors)
 *(EXCLUDE_FILE(*crtend.o *crtend?.o) .dtors)
 *(SORT_BY_NAME(.dtors.*))
 *(.dtors)
 *(.eh_frame*)
 .eh_frame      0x10005580        0x0 /usr/lib/gcc/arm-none-eabi/8.3.1/thumb/v6-m/nofp/crtbegin.o
                0x10005580                . = ALIGN (0x4)

.glue_7         0x10005580        0x0
 .glue_7        0x10005580        0x0 linker stubs

.glue_7t        0x10005580        0x0
 .glue_7t       0x10005580        0x0 linker stubs

.vfp11_veneer   0x10005580        0x0
 .vfp11_veneer  0x10005580        0x0 linker stubs

.v4_bx          0x10005580        0x0
 .v4_bx         0x10005580        0x0 linker stubs

.iplt           0x10005580        0x0
 .iplt          0x10005580        0x0 /usr/lib/gcc/arm-none-eabi/8.3.1/thumb/v6-m/nofp/crtbegin.o

.rodata         0x10005580      0x378
 *(EXCLUDE_FILE(*libm.a: *libc.a:*lib_a-mem*.o *libgcc.a:) .rodata*)
 .rodata.main.str1.4
                0x10005580       0x2f CMakeFiles/estacion.dir/estacion.c.obj
 *fill*         0x100055af        0x1 
 .rodata.hardware_alarm_claim.str1.4
                0x100055b0       0x22 CMakeFiles/estacion.dir/home/juan/pico/pico-sdk/src/rp2_common/hardware_timer/timer.c.obj
 *fill*         0x100055d2        0x2 
 .rodata.hard_assertion_failure.str1.4
                0x100055d4        0xc CMakeFiles/estacion.dir/home/juan/pico/pico-sdk/src/rp2_common/pico_runtime/runtime.c.obj
 .rodata.panic.str1.4
                0x100055e0       0x12 CMakeFiles/estacion.dir/home/juan/pico/pico-sdk/src/rp2_common/pico_runtime/runtime.c.obj
 *fill*         0x100055f2        0x2 
 .rodata._vsnprintf
                0x100055f4      0x1e0 CMakeFiles/estacion.dir/home/juan/pico/pico-sdk/src/rp2_common/pico_printf/printf.c.obj
 .rodata._ftoa.str1.4
                0x100057d4       0x15 CMakeFiles/estacion.dir/home/juan/pico/pico-sdk/src/rp2_common/pico_printf/printf.c.obj
 *fill*         0x100057e9        0x7 
 .rodata.pow10.5502
                0x100057f0       0x50 CMakeFiles/estacion.dir/home/juan/pico/pico-sdk/src/rp2_common/pico_printf/printf.c.obj
 .rodata.__bi_44
                0x10005840        0xc CMakeFiles/estacion.dir/home/juan/pico/pico-sdk/src/rp2_common/pico_standard_link/binary_info.c.obj
 .rodata.__bi_56
                0x1000584c        0xc CMakeFiles/estacion.dir/home/juan/pico/pico-sdk/src/rp2_common/pico_standard_link/binary_info.c.obj
 .rodata.__bi_75
                0x10005858        0xc CMakeFiles/estacion.dir/home/juan/pico/pico-sdk/src/rp2_common/pico_standard_link/binary_info.c.obj
 .rodata.__bi_81
                0x10005864        0xc CMakeFiles/estacion.dir/home/juan/pico/pico-sdk/src/rp2_common/pico_standard_link/binary_info.c.obj
 .rodata.str1.4
                0x10005870       0x44 CMakeFiles/estacion.dir/home/juan/pico/pico-sdk/src/rp2_common/pico_standard_link/binary_info.c.obj
 .rodata.crlf_str.6283
                0x100058b4        0x2 CMakeFiles/estacion.dir/home/juan/pico/pico-sdk/src/rp2_common/pico_stdio/stdio.c.obj
 *fill*         0x100058b6        0x2 
 .rodata.__bi_33.4928
                0x100058b8        0xc CMakeFiles/estacion.dir/home/juan/pico/pico-sdk/src/rp2_common/pico_stdio_uart/stdio_uart.c.obj
 .rodata.__bi_34.4932
                0x100058c4        0x8 CMakeFiles/estacion.dir/home/juan/pico/pico-sdk/src/rp2_common/pico_stdio_uart/stdio_uart.c.obj
 .rodata.str1.4
                0x100058cc       0x2c CMakeFiles/estacion.dir/home/juan/pico/pico-sdk/src/rp2_common/pico_stdio_uart/stdio_uart.c.obj
                0x100058f8                . = ALIGN (0x4)
 *(SORT_BY_ALIGNMENT(SORT_BY_NAME(.flashdata*)))
                0x100058f8                . = ALIGN (0x4)

.rel.dyn        0x100058f8        0x0
 .rel.iplt      0x100058f8        0x0 /usr/lib/gcc/arm-none-eabi/8.3.1/thumb/v6-m/nofp/crtbegin.o

.ARM.extab
 *(.ARM.extab* .gnu.linkonce.armextab.*)
                0x100058f8                __exidx_start = .

.ARM.exidx
 *(.ARM.exidx* .gnu.linkonce.armexidx.*)
                0x100058f8                __exidx_end = .
                0x100058f8                . = ALIGN (0x4)
                0x100058f8                __binary_info_start = .

.binary_info    0x100058f8       0x28
 *(.binary_info.keep.*)
 .binary_info.keep.__bi_ptr22
                0x100058f8        0x4 CMakeFiles/estacion.dir/home/juan/pico/pico-sdk/src/rp2_common/pico_standard_link/binary_info.c.obj
 .binary_info.keep.__bi_ptr30
                0x100058fc        0x4 CMakeFiles/estacion.dir/home/juan/pico/pico-sdk/src/rp2_common/pico_standard_link/binary_info.c.obj
 .binary_info.keep.__bi_ptr38
                0x10005900        0x4 CMakeFiles/estacion.dir/home/juan/pico/pico-sdk/src/rp2_common/pico_standard_link/binary_info.c.obj
 .binary_info.keep.__bi_ptr44
                0x10005904        0x4 CMakeFiles/estacion.dir/home/juan/pico/pico-sdk/src/rp2_common/pico_standard_link/binary_info.c.obj
 .binary_info.keep.__bi_ptr50
                0x10005908        0x4 CMakeFiles/estacion.dir/home/juan/pico/pico-sdk/src/rp2_common/pico_standard_link/binary_info.c.obj
 .binary_info.keep.__bi_ptr56
                0x1000590c        0x4 CMakeFiles/estacion.dir/home/juan/pico/pico-sdk/src/rp2_common/pico_standard_link/binary_info.c.obj
 .binary_info.keep.__bi_ptr75
                0x10005910        0x4 CMakeFiles/estacion.dir/home/juan/pico/pico-sdk/src/rp2_common/pico_standard_link/binary_info.c.obj
 .binary_info.keep.__bi_ptr81
                0x10005914        0x4 CMakeFiles/estacion.dir/home/juan/pico/pico-sdk/src/rp2_common/pico_standard_link/binary_info.c.obj
 *(.binary_info.*)
 .binary_info.__bi_ptr33
                0x10005918        0x4 CMakeFiles/estacion.dir/home/juan/pico/pico-sdk/src/rp2_common/pico_stdio_uart/stdio_uart.c.obj
 .binary_info.__bi_ptr34
                0x1000591c        0x4 CMakeFiles/estacion.dir/home/juan/pico/pico-sdk/src/rp2_common/pico_stdio_uart/stdio_uart.c.obj
                0x10005920                __binary_info_end = .
                0x10005920                . = ALIGN (0x4)
                0x10005920                __etext = .

.ram_vector_table
                0x20000000       0xc0
 *(.ram_vector_table)
 .ram_vector_table
                0x20000000       0xc0 CMakeFiles/estacion.dir/home/juan/pico/pico-sdk/src/rp2_common/pico_runtime/runtime.c.obj
                0x20000000                ram_vector_table

.data           0x200000c0      0x1d4 load address 0x10005920
                0x200000c0                __data_start__ = .
 *(vtable)
 *(.time_critical*)
 .time_critical.mutex_try_enter_block_until
                0x200000c0       0xb0 CMakeFiles/estacion.dir/home/juan/pico/pico-sdk/src/common/pico_sync/mutex.c.obj
                0x200000c0                mutex_try_enter_block_until
 .time_critical.mutex_exit
                0x20000170       0x28 CMakeFiles/estacion.dir/home/juan/pico/pico-sdk/src/common/pico_sync/mutex.c.obj
                0x20000170                mutex_exit
 *(.text*)
 .text          0x20000198        0x4 /usr/lib/gcc/arm-none-eabi/8.3.1/thumb/v6-m/nofp/libgcc.a(_dvmd_tls.o)
                0x20000198                __aeabi_ldiv0
                0x20000198                __aeabi_idiv0
 *fill*         0x2000019c        0x4 
 .text.__stub   0x200001a0       0x10 linker stubs
                0x200001b0                . = ALIGN (0x4)
 *(.rodata*)
                0x200001b0                . = ALIGN (0x4)
 *(.data*)
 .data.striped_spin_lock_num
                0x200001b0        0x1 CMakeFiles/estacion.dir/home/juan/pico/pico-sdk/src/rp2_common/hardware_sync/sync.c.obj
 *fill*         0x200001b1        0x3 
 .data          0x200001b4       0x48 CMakeFiles/estacion.dir/home/juan/pico/pico-sdk/src/rp2_common/hardware_irq/irq_handler_chain.S.obj
                0x200001b4                irq_handler_chain_slots
                0x200001e4                irq_handler_chain_first_slot
                0x200001ee                irq_handler_chain_remove_tail
 .data.default_alarm_pool
                0x200001fc       0x18 CMakeFiles/estacion.dir/home/juan/pico/pico-sdk/src/common/pico_time/time.c.obj
 .data.default_alarm_pool_heap
                0x20000214       0x10 CMakeFiles/estacion.dir/home/juan/pico/pico-sdk/src/common/pico_time/time.c.obj
 *fill*         0x20000224        0xc 
 .data.aeabi_bits_funcs
                0x20000230       0x10 CMakeFiles/estacion.dir/home/juan/pico/pico-sdk/src/rp2_common/pico_bit_ops/bit_ops_aeabi.S.obj
                0x20000230                aeabi_bits_funcs
                0x20000240                aeabi_bits_funcs_end
 .data.aeabi_mem_funcs
                0x20000240       0x10 CMakeFiles/estacion.dir/home/juan/pico/pico-sdk/src/rp2_common/pico_mem_ops/mem_ops_aeabi.S.obj
                0x20000240                aeabi_mem_funcs
                0x20000250                aeabi_mem_funcs_end
 .data.stdio_uart
                0x20000250       0x18 CMakeFiles/estacion.dir/home/juan/pico/pico-sdk/src/rp2_common/pico_stdio_uart/stdio_uart.c.obj
                0x20000250                stdio_uart
 .data.i2c0_inst
                0x20000268        0x8 CMakeFiles/estacion.dir/home/juan/pico/pico-sdk/src/rp2_common/hardware_i2c/i2c.c.obj
                0x20000268                i2c0_inst
 .data.i2c1_inst
                0x20000270        0x8 CMakeFiles/estacion.dir/home/juan/pico/pico-sdk/src/rp2_common/hardware_i2c/i2c.c.obj
                0x20000270                i2c1_inst
                0x20000278                . = ALIGN (0x4)
 *(.after_data.*)
                0x20000278                . = ALIGN (0x4)
                0x20000278                PROVIDE (__mutex_array_start = .)
 *(SORT_BY_NAME(.mutex_array.*))
 *(.mutex_array)
 .mutex_array   0x20000278        0x8 CMakeFiles/estacion.dir/home/juan/pico/pico-sdk/src/rp2_common/pico_stdio/stdio.c.obj
                0x20000280                PROVIDE (__mutex_array_end = .)
                0x20000280                . = ALIGN (0x4)
                0x20000280                PROVIDE (__preinit_array_start = .)
 *(SORT_BY_NAME(.preinit_array.*))
 .preinit_array.00001
                0x20000280        0x4 CMakeFiles/estacion.dir/home/juan/pico/pico-sdk/src/rp2_common/pico_mem_ops/mem_ops_aeabi.S.obj
 .preinit_array.00010
                0x20000284        0x4 CMakeFiles/estacion.dir/home/juan/pico/pico-sdk/src/rp2_common/pico_bit_ops/bit_ops_aeabi.S.obj
 .preinit_array.00020
                0x20000288        0x4 CMakeFiles/estacion.dir/home/juan/pico/pico-sdk/src/rp2_common/pico_double/double_aeabi.S.obj
 .preinit_array.00020
                0x2000028c        0x4 CMakeFiles/estacion.dir/home/juan/pico/pico-sdk/src/rp2_common/pico_float/float_aeabi.S.obj
 *(.preinit_array)
                0x20000290                PROVIDE (__preinit_array_end = .)
                0x20000290                . = ALIGN (0x4)
                0x20000290                PROVIDE (__init_array_start = .)
 *(SORT_BY_NAME(.init_array.*))
 *(.init_array)
 .init_array    0x20000290        0x4 /usr/lib/gcc/arm-none-eabi/8.3.1/thumb/v6-m/nofp/crtbegin.o
                0x20000294                PROVIDE (__init_array_end = .)
                0x20000294                . = ALIGN (0x4)
                0x20000294                PROVIDE (__fini_array_start = .)
 *(SORT_BY_NAME(.fini_array.*))
 *(.fini_array)
                0x20000294                PROVIDE (__fini_array_end = .)
 *(.jcr)
                0x20000294                . = ALIGN (0x4)
                0x20000294                __data_end__ = .

.tm_clone_table
                0x20000294        0x0 load address 0x10005af4
 .tm_clone_table
                0x20000294        0x0 /usr/lib/gcc/arm-none-eabi/8.3.1/thumb/v6-m/nofp/crtbegin.o
 .tm_clone_table
                0x20000294        0x0 /usr/lib/gcc/arm-none-eabi/8.3.1/thumb/v6-m/nofp/crtend.o

.igot.plt       0x20000294        0x0 load address 0x10005af4
 .igot.plt      0x20000294        0x0 /usr/lib/gcc/arm-none-eabi/8.3.1/thumb/v6-m/nofp/crtbegin.o

.uninitialized_data
                0x20000294        0x0 load address 0x10005af4
                0x20000294                . = ALIGN (0x4)
 *(.uninitialized_data*)

.scratch_x      0x20040000        0x0 load address 0x10005af4
                0x20040000                __scratch_x_start__ = .
 *(.scratch_x.*)
                0x20040000                . = ALIGN (0x4)
                0x20040000                __scratch_x_end__ = .
                0x10005af4                __scratch_x_source__ = LOADADDR (.scratch_x)

.scratch_y      0x20041000        0x0 load address 0x10005af4
                0x20041000                __scratch_y_start__ = .
 *(.scratch_y.*)
                0x20041000                . = ALIGN (0x4)
                0x20041000                __scratch_y_end__ = .
                0x10005af4                __scratch_y_source__ = LOADADDR (.scratch_y)

.bss            0x20000298      0x3dc
                0x20000298                . = ALIGN (0x4)
                0x20000298                __bss_start__ = .
 *(SORT_BY_ALIGNMENT(SORT_BY_NAME(.bss*)))
 .bss.default_alarm_pool_entries
                0x20000298      0x100 CMakeFiles/estacion.dir/home/juan/pico/pico-sdk/src/common/pico_time/time.c.obj
 .bss           0x20000398       0x1c /usr/lib/gcc/arm-none-eabi/8.3.1/thumb/v6-m/nofp/crtbegin.o
 .bss.alarm_callbacks
                0x200003b4       0x10 CMakeFiles/estacion.dir/home/juan/pico/pico-sdk/src/rp2_common/hardware_timer/timer.c.obj
 .bss.chars_available_callback
                0x200003c4        0x4 CMakeFiles/estacion.dir/home/juan/pico/pico-sdk/src/rp2_common/pico_stdio_uart/stdio_uart.c.obj
 .bss.chars_available_param
                0x200003c8        0x4 CMakeFiles/estacion.dir/home/juan/pico/pico-sdk/src/rp2_common/pico_stdio_uart/stdio_uart.c.obj
 .bss.configured_freq
                0x200003cc       0x28 CMakeFiles/estacion.dir/home/juan/pico/pico-sdk/src/rp2_common/hardware_clocks/clocks.c.obj
 .bss.default_alarm_pool_entry_ids_high
                0x200003f4       0x10 CMakeFiles/estacion.dir/home/juan/pico/pico-sdk/src/common/pico_time/time.c.obj
 .bss.default_alarm_pool_heap_nodes
                0x20000404       0x30 CMakeFiles/estacion.dir/home/juan/pico/pico-sdk/src/common/pico_time/time.c.obj
 .bss.drivers   0x20000434        0x4 CMakeFiles/estacion.dir/home/juan/pico/pico-sdk/src/rp2_common/pico_stdio/stdio.c.obj
 .bss.filter    0x20000438        0x4 CMakeFiles/estacion.dir/home/juan/pico/pico-sdk/src/rp2_common/pico_stdio/stdio.c.obj
 .bss.lazy_vsnprintf
                0x2000043c        0x4 CMakeFiles/estacion.dir/home/juan/pico/pico-sdk/src/rp2_common/pico_printf/printf.c.obj
 .bss.pools     0x20000440       0x10 CMakeFiles/estacion.dir/home/juan/pico/pico-sdk/src/common/pico_time/time.c.obj
 .bss.sf_clz_func
                0x20000450        0x4 CMakeFiles/estacion.dir/home/juan/pico/pico-sdk/src/rp2_common/pico_double/double_init_rom.c.obj
                0x20000450                sf_clz_func
 .bss.sleep_notifier
                0x20000454        0x4 CMakeFiles/estacion.dir/home/juan/pico/pico-sdk/src/common/pico_time/time.c.obj
 .bss.target_hi
                0x20000458       0x10 CMakeFiles/estacion.dir/home/juan/pico/pico-sdk/src/rp2_common/hardware_timer/timer.c.obj
 .bss.uart_instance
                0x20000468        0x4 CMakeFiles/estacion.dir/home/juan/pico/pico-sdk/src/rp2_common/pico_stdio_uart/stdio_uart.c.obj
 .bss.claimed   0x2000046c        0x1 CMakeFiles/estacion.dir/home/juan/pico/pico-sdk/src/rp2_common/hardware_timer/timer.c.obj
 .bss.irq_hander_chain_free_slot_head
                0x2000046d        0x1 CMakeFiles/estacion.dir/home/juan/pico/pico-sdk/src/rp2_common/hardware_irq/irq.c.obj
 .bss.timer_callbacks_pending
                0x2000046e        0x1 CMakeFiles/estacion.dir/home/juan/pico/pico-sdk/src/rp2_common/hardware_timer/timer.c.obj
 *(COMMON)
 *fill*         0x2000046f        0x1 
 COMMON         0x20000470        0x4 CMakeFiles/estacion.dir/home/juan/pico/pico-sdk/src/rp2_common/hardware_uart/uart.c.obj
                0x20000470                uart_char_to_line_feed
 COMMON         0x20000474      0x100 CMakeFiles/estacion.dir/home/juan/pico/pico-sdk/src/rp2_common/pico_double/double_init_rom.c.obj
                0x20000474                sd_table
 COMMON         0x20000574      0x100 CMakeFiles/estacion.dir/home/juan/pico/pico-sdk/src/rp2_common/pico_float/float_init_rom.c.obj
                0x20000574                sf_table
                0x20000674                . = ALIGN (0x4)
                0x20000674                __bss_end__ = .

.heap           0x20000674      0x800
                0x20000674                __end__ = .
                0x20000674                end = __end__
 *(.heap*)
 .heap          0x20000674      0x800 CMakeFiles/estacion.dir/home/juan/pico/pico-sdk/src/rp2_common/pico_standard_link/crt0.S.obj
                0x20000e74                __HeapLimit = .

.stack1_dummy   0x20040000        0x0
 *(.stack1*)

.stack_dummy    0x20041000      0x800
 *(.stack*)
 .stack         0x20041000      0x800 CMakeFiles/estacion.dir/home/juan/pico/pico-sdk/src/rp2_common/pico_standard_link/crt0.S.obj

.flash_end      0x10005af4        0x0
                0x10005af4                __flash_binary_end = .
                0x20040000                __StackLimit = (ORIGIN (RAM) + LENGTH (RAM))
                0x20041000                __StackOneTop = (ORIGIN (SCRATCH_X) + LENGTH (SCRATCH_X))
                0x20042000                __StackTop = (ORIGIN (SCRATCH_Y) + LENGTH (SCRATCH_Y))
                0x20041000                __StackOneBottom = (__StackOneTop - SIZEOF (.stack1_dummy))
                0x20041800                __StackBottom = (__StackTop - SIZEOF (.stack_dummy))
                0x20042000                PROVIDE (__stack = __StackTop)
                0x00000001                ASSERT ((__StackLimit >= __HeapLimit), region RAM overflowed)
                0x00000001                ASSERT (((__binary_info_header_end - __logical_binary_start) <= 0x100), Binary info must be in first 256 bytes of the binary)
LOAD CMakeFiles/estacion.dir/estacion.c.obj
LOAD CMakeFiles/estacion.dir/home/juan/pico/pico-sdk/src/rp2_common/pico_stdlib/stdlib.c.obj
LOAD CMakeFiles/estacion.dir/home/juan/pico/pico-sdk/src/rp2_common/hardware_gpio/gpio.c.obj
LOAD CMakeFiles/estacion.dir/home/juan/pico/pico-sdk/src/rp2_common/pico_platform/platform.c.obj
LOAD CMakeFiles/estacion.dir/home/juan/pico/pico-sdk/src/rp2_common/hardware_claim/claim.c.obj
LOAD CMakeFiles/estacion.dir/home/juan/pico/pico-sdk/src/rp2_common/hardware_sync/sync.c.obj
LOAD CMakeFiles/estacion.dir/home/juan/pico/pico-sdk/src/rp2_common/hardware_irq/irq.c.obj
LOAD CMakeFiles/estacion.dir/home/juan/pico/pico-sdk/src/rp2_common/hardware_irq/irq_handler_chain.S.obj
LOAD CMakeFiles/estacion.dir/home/juan/pico/pico-sdk/src/common/pico_sync/sem.c.obj
LOAD CMakeFiles/estacion.dir/home/juan/pico/pico-sdk/src/common/pico_sync/lock_core.c.obj
LOAD CMakeFiles/estacion.dir/home/juan/pico/pico-sdk/src/common/pico_sync/mutex.c.obj
LOAD CMakeFiles/estacion.dir/home/juan/pico/pico-sdk/src/common/pico_sync/critical_section.c.obj
LOAD CMakeFiles/estacion.dir/home/juan/pico/pico-sdk/src/common/pico_time/time.c.obj
LOAD CMakeFiles/estacion.dir/home/juan/pico/pico-sdk/src/common/pico_time/timeout_helper.c.obj
LOAD CMakeFiles/estacion.dir/home/juan/pico/pico-sdk/src/rp2_common/hardware_timer/timer.c.obj
LOAD CMakeFiles/estacion.dir/home/juan/pico/pico-sdk/src/common/pico_util/datetime.c.obj
LOAD CMakeFiles/estacion.dir/home/juan/pico/pico-sdk/src/common/pico_util/pheap.c.obj
LOAD CMakeFiles/estacion.dir/home/juan/pico/pico-sdk/src/common/pico_util/queue.c.obj
LOAD CMakeFiles/estacion.dir/home/juan/pico/pico-sdk/src/rp2_common/hardware_uart/uart.c.obj
LOAD CMakeFiles/estacion.dir/home/juan/pico/pico-sdk/src/rp2_common/hardware_clocks/clocks.c.obj
LOAD CMakeFiles/estacion.dir/home/juan/pico/pico-sdk/src/rp2_common/hardware_pll/pll.c.obj
LOAD CMakeFiles/estacion.dir/home/juan/pico/pico-sdk/src/rp2_common/hardware_vreg/vreg.c.obj
LOAD CMakeFiles/estacion.dir/home/juan/pico/pico-sdk/src/rp2_common/hardware_watchdog/watchdog.c.obj
LOAD CMakeFiles/estacion.dir/home/juan/pico/pico-sdk/src/rp2_common/hardware_xosc/xosc.c.obj
LOAD CMakeFiles/estacion.dir/home/juan/pico/pico-sdk/src/rp2_common/hardware_divider/divider.S.obj
LOAD CMakeFiles/estacion.dir/home/juan/pico/pico-sdk/src/rp2_common/pico_runtime/runtime.c.obj
LOAD CMakeFiles/estacion.dir/home/juan/pico/pico-sdk/src/rp2_common/pico_printf/printf.c.obj
LOAD CMakeFiles/estacion.dir/home/juan/pico/pico-sdk/src/rp2_common/pico_bit_ops/bit_ops_aeabi.S.obj
LOAD CMakeFiles/estacion.dir/home/juan/pico/pico-sdk/src/rp2_common/pico_bootrom/bootrom.c.obj
LOAD CMakeFiles/estacion.dir/home/juan/pico/pico-sdk/src/rp2_common/pico_divider/divider.S.obj
LOAD CMakeFiles/estacion.dir/home/juan/pico/pico-sdk/src/rp2_common/pico_double/double_aeabi.S.obj
LOAD CMakeFiles/estacion.dir/home/juan/pico/pico-sdk/src/rp2_common/pico_double/double_init_rom.c.obj
LOAD CMakeFiles/estacion.dir/home/juan/pico/pico-sdk/src/rp2_common/pico_double/double_math.c.obj
LOAD CMakeFiles/estacion.dir/home/juan/pico/pico-sdk/src/rp2_common/pico_double/double_v1_rom_shim.S.obj
LOAD CMakeFiles/estacion.dir/home/juan/pico/pico-sdk/src/rp2_common/pico_int64_ops/pico_int64_ops_aeabi.S.obj
LOAD CMakeFiles/estacion.dir/home/juan/pico/pico-sdk/src/rp2_common/pico_float/float_aeabi.S.obj
LOAD CMakeFiles/estacion.dir/home/juan/pico/pico-sdk/src/rp2_common/pico_float/float_init_rom.c.obj
LOAD CMakeFiles/estacion.dir/home/juan/pico/pico-sdk/src/rp2_common/pico_float/float_math.c.obj
LOAD CMakeFiles/estacion.dir/home/juan/pico/pico-sdk/src/rp2_common/pico_float/float_v1_rom_shim.S.obj
LOAD CMakeFiles/estacion.dir/home/juan/pico/pico-sdk/src/rp2_common/pico_malloc/pico_malloc.c.obj
LOAD CMakeFiles/estacion.dir/home/juan/pico/pico-sdk/src/rp2_common/pico_mem_ops/mem_ops_aeabi.S.obj
LOAD CMakeFiles/estacion.dir/home/juan/pico/pico-sdk/src/rp2_common/pico_standard_link/crt0.S.obj
LOAD CMakeFiles/estacion.dir/home/juan/pico/pico-sdk/src/rp2_common/pico_standard_link/new_delete.cpp.obj
LOAD CMakeFiles/estacion.dir/home/juan/pico/pico-sdk/src/rp2_common/pico_standard_link/binary_info.c.obj
LOAD CMakeFiles/estacion.dir/home/juan/pico/pico-sdk/src/rp2_common/pico_stdio/stdio.c.obj
LOAD CMakeFiles/estacion.dir/home/juan/pico/pico-sdk/src/rp2_common/pico_stdio_uart/stdio_uart.c.obj
LOAD CMakeFiles/estacion.dir/home/juan/pico/pico-sdk/src/rp2_common/hardware_i2c/i2c.c.obj
LOAD CMakeFiles/estacion.dir/home/juan/pico/pico-sdk/src/rp2_common/hardware_adc/adc.c.obj
LOAD liblibs.a
LOAD /tmp/ccTs74GG.o
LOAD /usr/lib/gcc/arm-none-eabi/8.3.1/../../../arm-none-eabi/lib/thumb/v6-m/nofp/libstdc++.a
LOAD /usr/lib/gcc/arm-none-eabi/8.3.1/../../../arm-none-eabi/lib/thumb/v6-m/nofp/libm.a
START GROUP
LOAD /usr/lib/gcc/arm-none-eabi/8.3.1/thumb/v6-m/nofp/libgcc.a
LOAD /usr/lib/gcc/arm-none-eabi/8.3.1/../../../arm-none-eabi/lib/thumb/v6-m/nofp/libc.a
END GROUP
START GROUP
LOAD /usr/lib/gcc/arm-none-eabi/8.3.1/thumb/v6-m/nofp/libgcc.a
LOAD /usr/lib/gcc/arm-none-eabi/8.3.1/../../../arm-none-eabi/lib/thumb/v6-m/nofp/libc.a
LOAD /usr/lib/gcc/arm-none-eabi/8.3.1/../../../arm-none-eabi/lib/thumb/v6-m/nofp/libnosys.a
END GROUP
LOAD /usr/lib/gcc/arm-none-eabi/8.3.1/thumb/v6-m/nofp/crtend.o
LOAD /usr/lib/gcc/arm-none-eabi/8.3.1/thumb/v6-m/nofp/crtn.o
OUTPUT(estacion.elf elf32-littlearm)
LOAD linker stubs

.ARM.attributes
                0x00000000       0x28
 .ARM.attributes
                0x00000000       0x1e /usr/lib/gcc/arm-none-eabi/8.3.1/thumb/v6-m/nofp/crti.o
 .ARM.attributes
                0x0000001e       0x2c /usr/lib/gcc/arm-none-eabi/8.3.1/thumb/v6-m/nofp/crtbegin.o
 .ARM.attributes
                0x0000004a       0x2c CMakeFiles/estacion.dir/estacion.c.obj
 .ARM.attributes
                0x00000076       0x2c CMakeFiles/estacion.dir/home/juan/pico/pico-sdk/src/rp2_common/hardware_gpio/gpio.c.obj
 .ARM.attributes
                0x000000a2       0x2c CMakeFiles/estacion.dir/home/juan/pico/pico-sdk/src/rp2_common/pico_platform/platform.c.obj
 .ARM.attributes
                0x000000ce       0x2c CMakeFiles/estacion.dir/home/juan/pico/pico-sdk/src/rp2_common/hardware_claim/claim.c.obj
 .ARM.attributes
                0x000000fa       0x2c CMakeFiles/estacion.dir/home/juan/pico/pico-sdk/src/rp2_common/hardware_sync/sync.c.obj
 .ARM.attributes
                0x00000126       0x2c CMakeFiles/estacion.dir/home/juan/pico/pico-sdk/src/rp2_common/hardware_irq/irq.c.obj
 .ARM.attributes
                0x00000152       0x22 CMakeFiles/estacion.dir/home/juan/pico/pico-sdk/src/rp2_common/hardware_irq/irq_handler_chain.S.obj
 .ARM.attributes
                0x00000174       0x2c CMakeFiles/estacion.dir/home/juan/pico/pico-sdk/src/common/pico_sync/lock_core.c.obj
 .ARM.attributes
                0x000001a0       0x2c CMakeFiles/estacion.dir/home/juan/pico/pico-sdk/src/common/pico_sync/mutex.c.obj
 .ARM.attributes
                0x000001cc       0x2c CMakeFiles/estacion.dir/home/juan/pico/pico-sdk/src/common/pico_time/time.c.obj
 .ARM.attributes
                0x000001f8       0x2c CMakeFiles/estacion.dir/home/juan/pico/pico-sdk/src/rp2_common/hardware_timer/timer.c.obj
 .ARM.attributes
                0x00000224       0x2c CMakeFiles/estacion.dir/home/juan/pico/pico-sdk/src/common/pico_util/pheap.c.obj
 .ARM.attributes
                0x00000250       0x2c CMakeFiles/estacion.dir/home/juan/pico/pico-sdk/src/rp2_common/hardware_uart/uart.c.obj
 .ARM.attributes
                0x0000027c       0x2c CMakeFiles/estacion.dir/home/juan/pico/pico-sdk/src/rp2_common/hardware_clocks/clocks.c.obj
 .ARM.attributes
                0x000002a8       0x2c CMakeFiles/estacion.dir/home/juan/pico/pico-sdk/src/rp2_common/hardware_pll/pll.c.obj
 .ARM.attributes
                0x000002d4       0x2c CMakeFiles/estacion.dir/home/juan/pico/pico-sdk/src/rp2_common/hardware_watchdog/watchdog.c.obj
 .ARM.attributes
                0x00000300       0x2c CMakeFiles/estacion.dir/home/juan/pico/pico-sdk/src/rp2_common/hardware_xosc/xosc.c.obj
 .ARM.attributes
                0x0000032c       0x2c CMakeFiles/estacion.dir/home/juan/pico/pico-sdk/src/rp2_common/pico_runtime/runtime.c.obj
 .ARM.attributes
                0x00000358       0x2c CMakeFiles/estacion.dir/home/juan/pico/pico-sdk/src/rp2_common/pico_printf/printf.c.obj
 .ARM.attributes
                0x00000384       0x22 CMakeFiles/estacion.dir/home/juan/pico/pico-sdk/src/rp2_common/pico_bit_ops/bit_ops_aeabi.S.obj
 .ARM.attributes
                0x000003a6       0x2c CMakeFiles/estacion.dir/home/juan/pico/pico-sdk/src/rp2_common/pico_bootrom/bootrom.c.obj
 .ARM.attributes
                0x000003d2       0x22 CMakeFiles/estacion.dir/home/juan/pico/pico-sdk/src/rp2_common/pico_divider/divider.S.obj
 .ARM.attributes
                0x000003f4       0x22 CMakeFiles/estacion.dir/home/juan/pico/pico-sdk/src/rp2_common/pico_double/double_aeabi.S.obj
 .ARM.attributes
                0x00000416       0x2c CMakeFiles/estacion.dir/home/juan/pico/pico-sdk/src/rp2_common/pico_double/double_init_rom.c.obj
 .ARM.attributes
                0x00000442       0x22 CMakeFiles/estacion.dir/home/juan/pico/pico-sdk/src/rp2_common/pico_double/double_v1_rom_shim.S.obj
 .ARM.attributes
                0x00000464       0x22 CMakeFiles/estacion.dir/home/juan/pico/pico-sdk/src/rp2_common/pico_int64_ops/pico_int64_ops_aeabi.S.obj
 .ARM.attributes
                0x00000486       0x22 CMakeFiles/estacion.dir/home/juan/pico/pico-sdk/src/rp2_common/pico_float/float_aeabi.S.obj
 .ARM.attributes
                0x000004a8       0x2c CMakeFiles/estacion.dir/home/juan/pico/pico-sdk/src/rp2_common/pico_float/float_init_rom.c.obj
 .ARM.attributes
                0x000004d4       0x22 CMakeFiles/estacion.dir/home/juan/pico/pico-sdk/src/rp2_common/pico_float/float_v1_rom_shim.S.obj
 .ARM.attributes
                0x000004f6       0x22 CMakeFiles/estacion.dir/home/juan/pico/pico-sdk/src/rp2_common/pico_mem_ops/mem_ops_aeabi.S.obj
 .ARM.attributes
                0x00000518       0x22 CMakeFiles/estacion.dir/home/juan/pico/pico-sdk/src/rp2_common/pico_standard_link/crt0.S.obj
 .ARM.attributes
                0x0000053a       0x32 CMakeFiles/estacion.dir/home/juan/pico/pico-sdk/src/rp2_common/pico_standard_link/binary_info.c.obj
 .ARM.attributes
                0x0000056c       0x2c CMakeFiles/estacion.dir/home/juan/pico/pico-sdk/src/rp2_common/pico_stdio/stdio.c.obj
 .ARM.attributes
                0x00000598       0x2c CMakeFiles/estacion.dir/home/juan/pico/pico-sdk/src/rp2_common/pico_stdio_uart/stdio_uart.c.obj
 .ARM.attributes
                0x000005c4       0x2c CMakeFiles/estacion.dir/home/juan/pico/pico-sdk/src/rp2_common/hardware_i2c/i2c.c.obj
 .ARM.attributes
                0x000005f0       0x2c CMakeFiles/estacion.dir/home/juan/pico/pico-sdk/src/rp2_common/hardware_adc/adc.c.obj
 .ARM.attributes
                0x0000061c       0x2c liblibs.a(lcd1602_i2c.c.obj)
 .ARM.attributes
                0x00000648       0x2c liblibs.a(dht.c.obj)
 .ARM.attributes
                0x00000674       0x22 /tmp/ccTs74GG.o
 .ARM.attributes
                0x00000696       0x1e /usr/lib/gcc/arm-none-eabi/8.3.1/thumb/v6-m/nofp/libgcc.a(_dvmd_tls.o)
 .ARM.attributes
                0x000006b4       0x2c /usr/lib/gcc/arm-none-eabi/8.3.1/../../../arm-none-eabi/lib/thumb/v6-m/nofp/libc.a(lib_a-strlen-stub.o)
 .ARM.attributes
                0x000006e0       0x2c /usr/lib/gcc/arm-none-eabi/8.3.1/thumb/v6-m/nofp/crtend.o

.comment        0x00000000       0x9f
 .comment       0x00000000       0x51 /usr/lib/gcc/arm-none-eabi/8.3.1/thumb/v6-m/nofp/crtbegin.o
                                 0x52 (size before relaxing)
 .comment       0x00000051       0x52 CMakeFiles/estacion.dir/estacion.c.obj
 .comment       0x00000051       0x52 CMakeFiles/estacion.dir/home/juan/pico/pico-sdk/src/rp2_common/hardware_gpio/gpio.c.obj
 .comment       0x00000051       0x52 CMakeFiles/estacion.dir/home/juan/pico/pico-sdk/src/rp2_common/pico_platform/platform.c.obj
 .comment       0x00000051       0x52 CMakeFiles/estacion.dir/home/juan/pico/pico-sdk/src/rp2_common/hardware_claim/claim.c.obj
 .comment       0x00000051       0x52 CMakeFiles/estacion.dir/home/juan/pico/pico-sdk/src/rp2_common/hardware_sync/sync.c.obj
 .comment       0x00000051       0x52 CMakeFiles/estacion.dir/home/juan/pico/pico-sdk/src/rp2_common/hardware_irq/irq.c.obj
 .comment       0x00000051       0x52 CMakeFiles/estacion.dir/home/juan/pico/pico-sdk/src/common/pico_sync/lock_core.c.obj
 .comment       0x00000051       0x52 CMakeFiles/estacion.dir/home/juan/pico/pico-sdk/src/common/pico_sync/mutex.c.obj
 .comment       0x00000051       0x52 CMakeFiles/estacion.dir/home/juan/pico/pico-sdk/src/common/pico_time/time.c.obj
 .comment       0x00000051       0x52 CMakeFiles/estacion.dir/home/juan/pico/pico-sdk/src/rp2_common/hardware_timer/timer.c.obj
 .comment       0x00000051       0x52 CMakeFiles/estacion.dir/home/juan/pico/pico-sdk/src/common/pico_util/pheap.c.obj
 .comment       0x00000051       0x52 CMakeFiles/estacion.dir/home/juan/pico/pico-sdk/src/rp2_common/hardware_uart/uart.c.obj
 .comment       0x00000051       0x52 CMakeFiles/estacion.dir/home/juan/pico/pico-sdk/src/rp2_common/hardware_clocks/clocks.c.obj
 .comment       0x00000051       0x52 CMakeFiles/estacion.dir/home/juan/pico/pico-sdk/src/rp2_common/hardware_pll/pll.c.obj
 .comment       0x00000051       0x52 CMakeFiles/estacion.dir/home/juan/pico/pico-sdk/src/rp2_common/hardware_watchdog/watchdog.c.obj
 .comment       0x00000051       0x52 CMakeFiles/estacion.dir/home/juan/pico/pico-sdk/src/rp2_common/hardware_xosc/xosc.c.obj
 .comment       0x00000051       0x52 CMakeFiles/estacion.dir/home/juan/pico/pico-sdk/src/rp2_common/pico_runtime/runtime.c.obj
 .comment       0x00000051       0x52 CMakeFiles/estacion.dir/home/juan/pico/pico-sdk/src/rp2_common/pico_printf/printf.c.obj
 .comment       0x00000051       0x52 CMakeFiles/estacion.dir/home/juan/pico/pico-sdk/src/rp2_common/pico_bootrom/bootrom.c.obj
 .comment       0x00000051       0x52 CMakeFiles/estacion.dir/home/juan/pico/pico-sdk/src/rp2_common/pico_double/double_init_rom.c.obj
 .comment       0x00000051       0x52 CMakeFiles/estacion.dir/home/juan/pico/pico-sdk/src/rp2_common/pico_float/float_init_rom.c.obj
 .comment       0x00000051       0x52 CMakeFiles/estacion.dir/home/juan/pico/pico-sdk/src/rp2_common/pico_standard_link/binary_info.c.obj
 .comment       0x00000051       0x52 CMakeFiles/estacion.dir/home/juan/pico/pico-sdk/src/rp2_common/pico_stdio/stdio.c.obj
 .comment       0x00000051       0x52 CMakeFiles/estacion.dir/home/juan/pico/pico-sdk/src/rp2_common/pico_stdio_uart/stdio_uart.c.obj
 .comment       0x00000051       0x52 CMakeFiles/estacion.dir/home/juan/pico/pico-sdk/src/rp2_common/hardware_i2c/i2c.c.obj
 .comment       0x00000051       0x52 CMakeFiles/estacion.dir/home/juan/pico/pico-sdk/src/rp2_common/hardware_adc/adc.c.obj
 .comment       0x00000051       0x52 liblibs.a(lcd1602_i2c.c.obj)
 .comment       0x00000051       0x52 liblibs.a(dht.c.obj)
 .comment       0x00000051       0x4e /usr/lib/gcc/arm-none-eabi/8.3.1/../../../arm-none-eabi/lib/thumb/v6-m/nofp/libc.a(lib_a-strlen-stub.o)
                                 0x4f (size before relaxing)
 .comment       0x0000009f       0x52 /usr/lib/gcc/arm-none-eabi/8.3.1/thumb/v6-m/nofp/crtend.o

.debug_line     0x00000000      0x222
 .debug_line    0x00000000       0x60 /usr/lib/gcc/arm-none-eabi/8.3.1/thumb/v6-m/nofp/libgcc.a(_dvmd_tls.o)
 .debug_line    0x00000060      0x1c2 /usr/lib/gcc/arm-none-eabi/8.3.1/../../../arm-none-eabi/lib/thumb/v6-m/nofp/libc.a(lib_a-strlen-stub.o)

.debug_info     0x00000000      0x999
 .debug_info    0x00000000       0x26 /usr/lib/gcc/arm-none-eabi/8.3.1/thumb/v6-m/nofp/libgcc.a(_dvmd_tls.o)
 .debug_info    0x00000026      0x973 /usr/lib/gcc/arm-none-eabi/8.3.1/../../../arm-none-eabi/lib/thumb/v6-m/nofp/libc.a(lib_a-strlen-stub.o)

.debug_abbrev   0x00000000      0x1fc
 .debug_abbrev  0x00000000       0x14 /usr/lib/gcc/arm-none-eabi/8.3.1/thumb/v6-m/nofp/libgcc.a(_dvmd_tls.o)
 .debug_abbrev  0x00000014      0x1e8 /usr/lib/gcc/arm-none-eabi/8.3.1/../../../arm-none-eabi/lib/thumb/v6-m/nofp/libc.a(lib_a-strlen-stub.o)

.debug_aranges  0x00000000       0x40
 .debug_aranges
                0x00000000       0x20 /usr/lib/gcc/arm-none-eabi/8.3.1/thumb/v6-m/nofp/libgcc.a(_dvmd_tls.o)
 .debug_aranges
                0x00000020       0x20 /usr/lib/gcc/arm-none-eabi/8.3.1/../../../arm-none-eabi/lib/thumb/v6-m/nofp/libc.a(lib_a-strlen-stub.o)

.debug_str      0x00000000      0x613
 .debug_str     0x00000000       0xa3 /usr/lib/gcc/arm-none-eabi/8.3.1/thumb/v6-m/nofp/libgcc.a(_dvmd_tls.o)
 .debug_str     0x000000a3      0x570 /usr/lib/gcc/arm-none-eabi/8.3.1/../../../arm-none-eabi/lib/thumb/v6-m/nofp/libc.a(lib_a-strlen-stub.o)
                                0x5c2 (size before relaxing)

.debug_loc      0x00000000       0xa3
 .debug_loc     0x00000000       0xa3 /usr/lib/gcc/arm-none-eabi/8.3.1/../../../arm-none-eabi/lib/thumb/v6-m/nofp/libc.a(lib_a-strlen-stub.o)

.debug_frame    0x00000000       0x28
 .debug_frame   0x00000000       0x28 /usr/lib/gcc/arm-none-eabi/8.3.1/../../../arm-none-eabi/lib/thumb/v6-m/nofp/libc.a(lib_a-strlen-stub.o)
